python : E
At line:1 char:1
+ python -m 
unittest 
test_gui_unit.py > 
test_output.txt 2>&1
+ ~~~~~~~~~~~~~~~~~~
~~~~~~~~~~~~~~~~~~~~
~~~~~~~~~~~~~~~~~~~~
    + CategoryInfo  
            : NotS  
  pecified: (E:St   
 ring) [], Remot    
eException
    + FullyQualifie 
   dErrorId : Nati  
  veCommandError
 
====================
====================
====================
==========
ERROR: 
test_gui_unit (unitt
est.loader._FailedTe
st.test_gui_unit)
--------------------
--------------------
--------------------
----------
ImportError: Failed 
to import test 
module: 
test_gui_unit
Traceback (most 
recent call last):
  File "C:\Users\HI\
AppData\Local\Progra
ms\Python\Python312\
Lib\unittest\loader.
py", line 137, in 
loadTestsFromName
    module = __impor
t__(module_name)
             ^^^^^^^
^^^^^^^^^^^^^^^^
  File "D:\GitHub\Au
toClickerTyperV2\tes
t_gui_unit.py", 
line 4, in <module>
    import gui
  File "D:\GitHub\Au
toClickerTyperV2\gui
.py", line 1, in 
<module>
    import 
customtkinter as ctk
ModuleNotFoundError:
 No module named 
'customtkinter'


--------------------
--------------------
--------------------
----------
Ran 1 test in 0.000s

FAILED (errors=1)
